src/upload-image-with-options.tsx(189,13): error TS2786: 'List' cannot be used as a JSX component.
  Its type 'FunctionComponent<ListProps_2> & ListMembers' is not a valid JSX element type.
    Type 'FunctionComponent<ListProps_2> & ListMembers' is not assignable to type '(props: any, deprecatedLegacyContext?: any) => ReactNode'.
      Type 'ReactNode | Promise<ReactNode>' is not assignable to type 'ReactNode'.
        Type 'bigint' is not assignable to type 'ReactNode'.
src/upload-image-with-options.tsx(194,8): error TS2786: 'List' cannot be used as a JSX component.
  Its type 'FunctionComponent<ListProps_2> & ListMembers' is not a valid JSX element type.
    Type 'FunctionComponent<ListProps_2> & ListMembers' is not assignable to type '(props: any, deprecatedLegacyContext?: any) => ReactNode'.
      Type 'ReactNode | Promise<ReactNode>' is not assignable to type 'ReactNode'.
        Type 'bigint' is not assignable to type 'ReactNode'.
src/upload-image-with-options.tsx(195,10): error TS2786: 'List.EmptyView' cannot be used as a JSX component.
  Its type 'FunctionComponent<EmptyViewProps>' is not a valid JSX element type.
    Type 'FunctionComponent<EmptyViewProps>' is not assignable to type '(props: any, deprecatedLegacyContext?: any) => ReactNode'.
      Type 'ReactNode | Promise<ReactNode>' is not assignable to type 'ReactNode'.
        Type 'bigint' is not assignable to type 'ReactNode'.
src/upload-image-with-options.tsx(208,6): error TS2786: 'List' cannot be used as a JSX component.
  Its type 'FunctionComponent<ListProps_2> & ListMembers' is not a valid JSX element type.
    Type 'FunctionComponent<ListProps_2> & ListMembers' is not assignable to type '(props: any, deprecatedLegacyContext?: any) => ReactNode'.
      Type 'ReactNode | Promise<ReactNode>' is not assignable to type 'ReactNode'.
        Type 'bigint' is not assignable to type 'ReactNode'.
src/upload-image-with-options.tsx(209,8): error TS2786: 'List.Section' cannot be used as a JSX component.
  Its type 'FunctionComponent<SectionProps_2>' is not a valid JSX element type.
    Type 'FunctionComponent<SectionProps_2>' is not assignable to type '(props: any, deprecatedLegacyContext?: any) => ReactNode'.
      Type 'ReactNode | Promise<ReactNode>' is not assignable to type 'ReactNode'.
        Type 'bigint' is not assignable to type 'ReactNode'.
src/upload-image-with-options.tsx(210,10): error TS2786: 'List.Item' cannot be used as a JSX component.
  Its type 'FunctionComponent<ItemProps> & ItemMembers' is not a valid JSX element type.
    Type 'FunctionComponent<ItemProps> & ItemMembers' is not assignable to type '(props: any, deprecatedLegacyContext?: any) => ReactNode'.
      Type 'ReactNode | Promise<ReactNode>' is not assignable to type 'ReactNode'.
        Type 'bigint' is not assignable to type 'ReactNode'.
src/upload-image-with-options.tsx(216,14): error TS2786: 'ActionPanel' cannot be used as a JSX component.
  Its type 'FunctionComponent<ActionPanelProps_2> & DeprecatedActionPanelMembers & ActionPanelMembers' is not a valid JSX element type.
    Type 'FunctionComponent<ActionPanelProps_2> & DeprecatedActionPanelMembers & ActionPanelMembers' is not assignable to type '(props: any, deprecatedLegacyContext?: any) => ReactNode'.
      Type 'ReactNode | Promise<ReactNode>' is not assignable to type 'ReactNode'.
        Type 'bigint' is not assignable to type 'ReactNode'.
src/upload-image-with-options.tsx(217,16): error TS2786: 'Action.CopyToClipboard' cannot be used as a JSX component.
  Its type 'FunctionComponent<CopyToClipboardProps>' is not a valid JSX element type.
    Type 'FunctionComponent<CopyToClipboardProps>' is not assignable to type '(props: any, deprecatedLegacyContext?: any) => ReactNode'.
      Type 'ReactNode | Promise<ReactNode>' is not assignable to type 'ReactNode'.
        Type 'bigint' is not assignable to type 'ReactNode'.
src/upload-image-with-options.tsx(224,10): error TS2786: 'List.Item' cannot be used as a JSX component.
  Its type 'FunctionComponent<ItemProps> & ItemMembers' is not a valid JSX element type.
    Type 'FunctionComponent<ItemProps> & ItemMembers' is not assignable to type '(props: any, deprecatedLegacyContext?: any) => ReactNode'.
      Type 'ReactNode | Promise<ReactNode>' is not assignable to type 'ReactNode'.
        Type 'bigint' is not assignable to type 'ReactNode'.
src/upload-image-with-options.tsx(230,14): error TS2786: 'ActionPanel' cannot be used as a JSX component.
  Its type 'FunctionComponent<ActionPanelProps_2> & DeprecatedActionPanelMembers & ActionPanelMembers' is not a valid JSX element type.
    Type 'FunctionComponent<ActionPanelProps_2> & DeprecatedActionPanelMembers & ActionPanelMembers' is not assignable to type '(props: any, deprecatedLegacyContext?: any) => ReactNode'.
      Type 'ReactNode | Promise<ReactNode>' is not assignable to type 'ReactNode'.
        Type 'bigint' is not assignable to type 'ReactNode'.
src/upload-image-with-options.tsx(231,16): error TS2786: 'Action.CopyToClipboard' cannot be used as a JSX component.
  Its type 'FunctionComponent<CopyToClipboardProps>' is not a valid JSX element type.
    Type 'FunctionComponent<CopyToClipboardProps>' is not assignable to type '(props: any, deprecatedLegacyContext?: any) => ReactNode'.
      Type 'ReactNode | Promise<ReactNode>' is not assignable to type 'ReactNode'.
        Type 'bigint' is not assignable to type 'ReactNode'.
src/upload-image-with-options.tsx(235,10): error TS2786: 'List.Item' cannot be used as a JSX component.
  Its type 'FunctionComponent<ItemProps> & ItemMembers' is not a valid JSX element type.
    Type 'FunctionComponent<ItemProps> & ItemMembers' is not assignable to type '(props: any, deprecatedLegacyContext?: any) => ReactNode'.
      Type 'ReactNode | Promise<ReactNode>' is not assignable to type 'ReactNode'.
        Type 'bigint' is not assignable to type 'ReactNode'.
src/upload-image-with-options.tsx(241,14): error TS2786: 'ActionPanel' cannot be used as a JSX component.
  Its type 'FunctionComponent<ActionPanelProps_2> & DeprecatedActionPanelMembers & ActionPanelMembers' is not a valid JSX element type.
    Type 'FunctionComponent<ActionPanelProps_2> & DeprecatedActionPanelMembers & ActionPanelMembers' is not assignable to type '(props: any, deprecatedLegacyContext?: any) => ReactNode'.
      Type 'ReactNode | Promise<ReactNode>' is not assignable to type 'ReactNode'.
        Type 'bigint' is not assignable to type 'ReactNode'.
src/upload-image-with-options.tsx(242,16): error TS2786: 'Action.CopyToClipboard' cannot be used as a JSX component.
  Its type 'FunctionComponent<CopyToClipboardProps>' is not a valid JSX element type.
    Type 'FunctionComponent<CopyToClipboardProps>' is not assignable to type '(props: any, deprecatedLegacyContext?: any) => ReactNode'.
      Type 'ReactNode | Promise<ReactNode>' is not assignable to type 'ReactNode'.
        Type 'bigint' is not assignable to type 'ReactNode'.
src/upload-image-with-options.tsx(247,8): error TS2786: 'List.Section' cannot be used as a JSX component.
  Its type 'FunctionComponent<SectionProps_2>' is not a valid JSX element type.
    Type 'FunctionComponent<SectionProps_2>' is not assignable to type '(props: any, deprecatedLegacyContext?: any) => ReactNode'.
      Type 'ReactNode | Promise<ReactNode>' is not assignable to type 'ReactNode'.
        Type 'bigint' is not assignable to type 'ReactNode'.
src/upload-image-with-options.tsx(248,10): error TS2786: 'List.Item' cannot be used as a JSX component.
  Its type 'FunctionComponent<ItemProps> & ItemMembers' is not a valid JSX element type.
    Type 'FunctionComponent<ItemProps> & ItemMembers' is not assignable to type '(props: any, deprecatedLegacyContext?: any) => ReactNode'.
      Type 'ReactNode | Promise<ReactNode>' is not assignable to type 'ReactNode'.
        Type 'bigint' is not assignable to type 'ReactNode'.
src/upload-image-with-options.tsx(252,14): error TS2786: 'ActionPanel' cannot be used as a JSX component.
  Its type 'FunctionComponent<ActionPanelProps_2> & DeprecatedActionPanelMembers & ActionPanelMembers' is not a valid JSX element type.
    Type 'FunctionComponent<ActionPanelProps_2> & DeprecatedActionPanelMembers & ActionPanelMembers' is not assignable to type '(props: any, deprecatedLegacyContext?: any) => ReactNode'.
      Type 'ReactNode | Promise<ReactNode>' is not assignable to type 'ReactNode'.
        Type 'bigint' is not assignable to type 'ReactNode'.
src/upload-image-with-options.tsx(253,16): error TS2786: 'Action.OpenInBrowser' cannot be used as a JSX component.
  Its type 'FunctionComponent<OpenInBrowserProps>' is not a valid JSX element type.
    Type 'FunctionComponent<OpenInBrowserProps>' is not assignable to type '(props: any, deprecatedLegacyContext?: any) => ReactNode'.
      Type 'ReactNode | Promise<ReactNode>' is not assignable to type 'ReactNode'.
        Type 'bigint' is not assignable to type 'ReactNode'.
